@marker(References,CACM)

@Style(Citations=1)
@Define(L1,Above 1,Break,Indent 0,Need 1inch,Fill)
@TextForm(TAGGER="@parm(TEXT).@ @ ")
@begin(comment)
	Should really be TAGGER="@b[@parm(TEXT).]@ @ ",
	but this sometimes produces more than two fonts on
	a line.  /PLL  16-Apr-79
@end(comment)

@LibraryFile(CMPCT)

@Enter(Text,Spacing 1,Spread 0,Spaces Compact,Justification off)
@Process(Bibliography)
@Leave(Text)
@marker
