@Comment[ Copyright (C) 1979 Brian K. Reid ]

@marker(References,STDalphabetic)
@Comment{

Bibliography format definition for standard open-format alphabetic
references.
}

@Style(Citations=2, StringMax=2000)
@Define(L1,LeftMargin 15,Indent -15,Above 1,Break,Fill)
@Define(L2,LeftMargin 18,Indent -3,Above 0,Break,Fill)

@LibraryFile(Standard)

@Enter(Text,Spacing 1,Spread 0,Spaces Tab,Justification off,Fill)
@Process(Bibliography)
@Leave(Text)
@marker
