		LINK symbol map of	MX	version 1A(545)		page 1
	Produced by LINK version 6(2421) on  1-Feb-89 at 15:05:34

	Low  segment starts at	     0 ends at	  4626 length	  4627 = 5P
	High segment starts at	400000 ends at	447226 length	 47227 = 40P
	105 words free in Low segment, 361 words free in high segment
	470 Global symbols loaded, therefore min. hash size is 523
	Start address is 406473, located in program NMUSKD

		*************

JOBDAT-INITIAL-SYMBOLS
	%JOBDT      43300000457	Global	Absolute    Suppressed	.JB41                41	Global	Absolute    	
	.JBAPR              125	Global	Absolute    		.JBBLT               45	Global	Absolute    	
	.JBCHN              131	Global	Absolute    		.JBCNI              126	Global	Absolute    	
	.JBCOR              133	Global	Absolute    		.JBCST              136	Global	Absolute    	
	.JBDA               140	Global	Absolute    		.JBDDT               74	Global	Absolute    	
	.JBEDV              112	Global	Absolute    		.JBERR               42	Global	Absolute    	
	.JBFF               121	Global	Absolute    		.JBH41                1	Global	Absolute    Suppressed
	.JBHCR                2	Global	Absolute    Suppressed	.JBHDA               10	Global	Absolute    Suppressed
	.JBHGA                7	Global	Absolute    Suppressed	.JBHGH           400000	Global	Absolute    Suppressed
	.JBHNM                5	Global	Absolute    Suppressed	.JBHRL              115	Global	Absolute    	
	.JBHRN                3	Global	Absolute    Suppressed	.JBHSA                0	Global	Absolute    Suppressed
	.JBHSM                6	Global	Absolute    Suppressed	.JBHVR                4	Global	Absolute    Suppressed
	.JBINT              134	Global	Absolute    		.JBOPC              130	Global	Absolute    	
	.JBOPS              135	Global	Absolute    		.JBOVL              131	Global	Absolute    	
	.JBPFH              123	Global	Absolute    		.JBPFI               74	Global	Absolute    	
	.JBREL               44	Global	Absolute    		.JBREN              124	Global	Absolute    	
	.JBSA               120	Global	Absolute    		.JBSYM              116	Global	Absolute    	
	.JBTPC              127	Global	Absolute    		.JBUSY              117	Global	Absolute    	
	.JBUUO               40	Global	Absolute    		.JBVER              137	Global	Absolute    	

		*************

.MAIN	from DSK:MX.REL	created by MACRO on  1-Feb-89 at 15:05:27

	Zero length module

		*************

NMUINT	from DSK:MX.REL	created by BLISS-36 on  1-Feb-89 at 15:05:27
	Low  segment starts at	   140 ends at	  1004 length	   645 (octal),   421. (decimal)
	High segment starts at	400010 ends at	401144 length	  1135 (octal),   605. (decimal)

	VECTAB              140	Global	Relocatable 		DATTAB              204	Global	Relocatable 	
	LEV1PC              250	Global	Relocatable 		LEV2PC              251	Global	Relocatable 	
	LEV3PC              252	Global	Relocatable 		LEVTAB              253	Global	Relocatable 	
	LEV1CH              256	Global	Relocatable 		LEV2CH              257	Global	Relocatable 	
	LEV3CH              260	Global	Relocatable 		CHNTAB              740	Global	Relocatable 	
	INTNST             1004	Global	Relocatable 		UX%INI           400564	Global	Relocatable 	

		*************

		LINK symbol map of	MX	version 1A(545)		page 2


NMUIPC	from DSK:MX.REL	created by BLISS-36 on  1-Feb-89 at 15:05:27
	Low  segment starts at	  1005 ends at	  1012 length	     6 (octal),     6. (decimal)
	High segment starts at	401145 ends at	402735 length	  1571 (octal),   889. (decimal)

	UI%INI           401155	Global	Relocatable 		UI%FIN           401243	Global	Relocatable 	
	UI%INF           401400	Global	Relocatable 		UI%ORI           401422	Global	Relocatable 	
	UI%CRE           401530	Global	Relocatable 		UI%DES           402040	Global	Relocatable 	
	UI%ALL           402103	Global	Relocatable 		UI%DIS           402137	Global	Relocatable 	
	UI%TRA           402171	Global	Relocatable 		UI%REC           402255	Global	Relocatable 	
	UI%MAP           402424	Global	Relocatable 		USER%N           402672	Global	Relocatable 	

		*************

NMUMEM	from DSK:MX.REL	created by BLISS-36 on  1-Feb-89 at 15:05:27
	Low  segment starts at	  1013 ends at	  1104 length	    72 (octal),    58. (decimal)
	High segment starts at	402736 ends at	404447 length	  1512 (octal),   842. (decimal)

	BLKSIZ           402736	Global	Relocatable 		BLKBDY           402773	Global	Relocatable 	
	BLKLST             1013	Global	Relocatable 		UM%RES           403034	Global	Relocatable 	
	UM%INI           403116	Global	Relocatable 		UM%GET           403222	Global	Relocatable 	
	UM%REL           403476	Global	Relocatable 	
		*************

NMUPAG	from DSK:MX.REL	created by BLISS-36 on  1-Feb-89 at 15:05:27
	Low  segment starts at	  1105 ends at	  1107 length	     3 (octal),     3. (decimal)
	High segment starts at	404450 ends at	404564 length	   115 (octal),    77. (decimal)

	UMP%IN           404454	Global	Relocatable 	
	UMP%GE           404475	Global	Relocatable 		UMP%RE           404543	Global	Relocatable 	

		*************

NMUQUE	from DSK:MX.REL	created by BLISS-36 on  1-Feb-89 at 15:05:27
	High segment starts at	404565 ends at	405071 length	   305 (octal),   197. (decimal)

	UQ%RES           404571	Global	Relocatable 		UQ%INS           404603	Global	Relocatable 	
	UQ%REM           404637	Global	Relocatable 		UQ%EXT           404671	Global	Relocatable 	
	UQ%LEN           404731	Global	Relocatable 		UQ%SCA           404757	Global	Relocatable 	
	UQ%SEX           405033	Global	Relocatable 		UQ%NEX           405044	Global	Relocatable 	

		*************

NMUSKD	from DSK:MX.REL	created by BLISS-36 on  1-Feb-89 at 15:05:27
	Low  segment starts at	  1110 ends at	  2423 length	  1314 (octal),   716. (decimal)
	High segment starts at	405072 ends at	406512 length	  1421 (octal),   785. (decimal)

	TSTACK             1216	Global	Relocatable 		TIME%Q             2346	Global	Relocatable 	
	NMLVER             2350	Global	Relocatable 		DECECO             2351	Global	Relocatable 	
	USRECO             2352	Global	Relocatable 		DEBUG              2353	Global	Relocatable 	
	TRACE%             2354	Global	Relocatable 		TB.SKD                0	Global	Absolute    Suppressed
	TB.QUE                2	Global	Absolute    Suppressed	TB.STR                4	Global	Absolute    Suppressed
	TB.ABT                4	Global	Absolute    Suppressed	TB.RSC                5	Global	Absolute    Suppressed
	TB.ERR                5	Global	Absolute    Suppressed	TB.NAM                6	Global	Absolute    Suppressed
		LINK symbol map of	MX	version 1A(545)		page 3
NMUSKD
	TB.BUF               12	Global	Absolute    Suppressed	TB.EVW               36	Global	Absolute    Suppressed
	TB.SEM               37	Global	Absolute    Suppressed	TB.TIM               40	Global	Absolute    Suppressed
	TB.CTX               41	Global	Absolute    Suppressed	TB.STK               61	Global	Absolute    Suppressed
	DB.TRA                1	Global	Absolute    Suppressed	DB.RTN                2	Global	Absolute    Suppressed
	DB.GLX                4	Global	Absolute    Suppressed	DB.MEM               10	Global	Absolute    Suppressed
	DB.MCS               20	Global	Absolute    Suppressed	DB.SKD               40	Global	Absolute    Suppressed
	DB.EVT              100	Global	Absolute    Suppressed	DB.NET              200	Global	Absolute    Suppressed
	DB.NTT              400	Global	Absolute    Suppressed	DB.SRV             1000	Global	Absolute    Suppressed
	DB.NCP             2000	Global	Absolute    Suppressed	DB.IPC             4000	Global	Absolute    Suppressed
	DB.FIL            10000	Global	Absolute    Suppressed	DB.PAG            20000	Global	Absolute    Suppressed
	DB.DLW            40000	Global	Absolute    Suppressed	DB.FDT           100000	Global	Absolute    Suppressed
	DB.DAP           200000	Global	Absolute    Suppressed	DB.CTT           400000	Global	Absolute    Suppressed
	DB.DCN          1000000	Global	Absolute    Suppressed	DB.RRQ          2000000	Global	Absolute    Suppressed
	US%CRE           405177	Global	Relocatable 		US%ABO           405263	Global	Relocatable 	
	US%FIN           405301	Global	Relocatable 		US%ERR           405313	Global	Relocatable 	
	US%COM           405355	Global	Relocatable 		US%QRE           405404	Global	Relocatable 	
	US%INS           405421	Global	Relocatable 		US%REM           405436	Global	Relocatable 	
	US%QQS           405464	Global	Relocatable 		US%QQI           405507	Global	Relocatable 	
	US%QQR           405543	Global	Relocatable 		US%QQE           405574	Global	Relocatable 	
	US%EVE           405617	Global	Relocatable 		US%FLA           405635	Global	Relocatable 	
	US%WAI           405730	Global	Relocatable 		US%DES           406065	Global	Relocatable 	
	US%PAU           406130	Global	Relocatable 		US%SLE           406144	Global	Relocatable 	
	US%CUR           406471	Global	Relocatable 	
		*************

NMUTBL	from DSK:MX.REL	created by BLISS-36 on  1-Feb-89 at 15:05:27
	High segment starts at	406513 ends at	407100 length	   366 (octal),   246. (decimal)

	UT%CLE           406517	Global	Relocatable 	
	UT%INS           406545	Global	Relocatable 		UT%FET           406676	Global	Relocatable 	
	UT%DEL           406754	Global	Relocatable 		UT%CHA           407014	Global	Relocatable 	
	UT%MAX           407065	Global	Relocatable 	
		*************

NMUTXT	from DSK:MX.REL	created by BLISS-36 on  1-Feb-89 at 15:05:27
	Low  segment starts at	  2424 ends at	  2446 length	    23 (octal),    19. (decimal)
	High segment starts at	407101 ends at	411350 length	  2250 (octal),  1192. (decimal)

	UT%TEX           407101	Global	Relocatable 	

		*************

NMUNET	from DSK:MX.REL	created by BLISS-36 on  1-Feb-89 at 15:05:27
	Low  segment starts at	  2447 ends at	  2457 length	    11 (octal),     9. (decimal)
	High segment starts at	411351 ends at	413747 length	  2377 (octal),  1279. (decimal)

	UN%INI           411506	Global	Relocatable 		UN%OPE           411545	Global	Relocatable 	
	UN%ACC           412422	Global	Relocatable 		UN%REJ           412527	Global	Relocatable 	
	UN%REA           412555	Global	Relocatable 		UN%WRI           412625	Global	Relocatable 	
	UN%ABO           412676	Global	Relocatable 		UN%CLO           412741	Global	Relocatable 	
	UN%STA           413007	Global	Relocatable 		UN%VAL           413036	Global	Relocatable 	
	UN%LOC           413231	Global	Relocatable 	
		*************

		LINK symbol map of	MX	version 1A(545)		page 4


MXDATA	from DSK:MX.REL	created by BLISS-36 on  1-Feb-89 at 15:05:27
	High segment starts at	413750 ends at	414653 length	   704 (octal),   452. (decimal)

	DB%ADN           413755	Global	Relocatable 	
	DB%INI           414002	Global	Relocatable 		DB%SUS           414045	Global	Relocatable 	
	DB%VD8           414053	Global	Relocatable 		DB%GSP           414161	Global	Relocatable 	
	DB%ADD           414425	Global	Relocatable 	
		*************

MXHOST	from DSK:MX.REL	created by BLISS-36 on  1-Feb-89 at 15:05:27
	Low  segment starts at	  2460 ends at	  2601 length	   122 (octal),    82. (decimal)
	High segment starts at	414654 ends at	416153 length	  1300 (octal),   704. (decimal)

	MP%PHF           414660	Global	Relocatable 	
	BUF                2512	Global	Relocatable 	
		*************

MXFORK	from DSK:MX.REL	created by BLISS-36 on  1-Feb-89 at 15:05:27
	Low  segment starts at	  2602 ends at	  2652 length	    51 (octal),    41. (decimal)
	High segment starts at	416154 ends at	416657 length	   504 (octal),   324. (decimal)

	FRKINI           416160	Global	Relocatable 	
	FRKCRE           416171	Global	Relocatable 		FRKKIL           416452	Global	Relocatable 	
	FRKRUN           416533	Global	Relocatable 		FRKINT           416635	Global	Relocatable 	

		*************

MXLCL	from DSK:MX.REL	created by BLISS-36 on  1-Feb-89 at 15:05:27
	Low  segment starts at	  2653 ends at	  3065 length	   213 (octal),   139. (decimal)
	High segment starts at	416660 ends at	424000 length	  5121 (octal),  2641. (decimal)

	LCLSRV           416671	Global	Relocatable 		SCAN%P           417025	Global	Relocatable 	
	GET%DE           420037	Global	Relocatable 		PARSE%           420342	Global	Relocatable 	
	PNODE            420572	Global	Relocatable 		PNAME            420611	Global	Relocatable 	
	COPY%A           420714	Global	Relocatable 		COPY%S           420743	Global	Relocatable 	
	LCLSPL           421105	Global	Relocatable 		APPEND           421453	Global	Relocatable 	
	KLEANU           422375	Global	Relocatable 		GET%HE           422446	Global	Relocatable 	
	NAG              422637	Global	Relocatable 		MX$VAL           423114	Global	Relocatable 	
	MX$GET           423445	Global	Relocatable 		MX$BUI           423611	Global	Relocatable 	
	GETDAT           423767	Global	Relocatable 		MX$TIM           423776	Global	Relocatable 	

		*************

MXQMAN	from DSK:MX.REL	created by BLISS-36 on  1-Feb-89 at 15:05:27
	Low  segment starts at	  3066 ends at	  3302 length	   215 (octal),   141. (decimal)
	High segment starts at	424001 ends at	431677 length	  5677 (octal),  3007. (decimal)

	MXLOGF             3066	Global	Relocatable 		MXLOGM             3067	Global	Relocatable 	
	NODLEN             3070	Global	Relocatable 		NODNAM             3071	Global	Relocatable 	
	WORK%Q             3115	Global	Relocatable 		DFER%Q             3122	Global	Relocatable 	
	DONE%Q             3124	Global	Relocatable 		ENV%CN             3131	Global	Relocatable 	
	POBSTS             3132	Global	Relocatable 		MXDATE             3133	Global	Relocatable 	
	TODAY              3135	Global	Relocatable 		ACTIVE             3137	Global	Relocatable 	
		LINK symbol map of	MX	version 1A(545)		page 5
MXQMAN
	LOGSPC           424001	Global	Relocatable 		MX%INI           424075	Global	Relocatable 	
	MX%PST           425704	Global	Relocatable 		MX%MGR           426065	Global	Relocatable 	
	MX%CLN           426211	Global	Relocatable 		MX%CHK           426623	Global	Relocatable 	
	RELMSG           427222	Global	Relocatable 		REPPAR           430422	Global	Relocatable 	
	RELASC           430501	Global	Relocatable 		BLDENV           430562	Global	Relocatable 	
	MX%UNQ           430636	Global	Relocatable 		MX%DFR           431075	Global	Relocatable 	
	MX$WAK           431274	Global	Relocatable 		MAKE%L           431374	Global	Relocatable 	
	DELETE           431422	Global	Relocatable 		MX%WFP           431470	Global	Relocatable 	
	MX%PBS           431530	Global	Relocatable 	
		*************

MXFIL	from DSK:MX.REL	created by BLISS-36 on  1-Feb-89 at 15:05:27
	Low  segment starts at	  3303 ends at	  3354 length	    52 (octal),    42. (decimal)
	High segment starts at	431700 ends at	434031 length	  2132 (octal),  1114. (decimal)

	UF%DEL           431703	Global	Relocatable 	
	UF%SWR           431735	Global	Relocatable 		UF%SIZ           431762	Global	Relocatable 	
	UF%XST           432023	Global	Relocatable 		UF%CPY           432040	Global	Relocatable 	
	UF%DAT           432261	Global	Relocatable 		UF%REN           432314	Global	Relocatable 	
	UF%INI           432355	Global	Relocatable 		UF%OPE           432365	Global	Relocatable 	
	UF%REA           432517	Global	Relocatable 		UF%WRI           432717	Global	Relocatable 	
	UF%SEE           433070	Global	Relocatable 		UF%CLO           433170	Global	Relocatable 	

		*************

MXERR	from DSK:MX.REL	created by BLISS-36 on  1-Feb-89 at 15:05:27
	Low  segment starts at	  3355 ends at	  3652 length	   276 (octal),   190. (decimal)
	High segment starts at	434032 ends at	436123 length	  2072 (octal),  1082. (decimal)

	MXERRS             3355	Global	Relocatable 		DNERRS             3466	Global	Relocatable 	
	ERRTYP             3542	Global	Relocatable 		$EBUF              3544	Global	Relocatable 	
	MP$MKF                1	Global	Absolute    Suppressed	MP$SYN                2	Global	Absolute    Suppressed
	MP$TEL                3	Global	Absolute    Suppressed	MP$UHF                4	Global	Absolute    Suppressed
	MQ$MHE                5	Global	Absolute    Suppressed	SP$UIE                6	Global	Absolute    Suppressed
	UF$ACF                7	Global	Absolute    Suppressed	UF$FCF               10	Global	Absolute    Suppressed
	UF$FRF               11	Global	Absolute    Suppressed	UF$FWF               12	Global	Absolute    Suppressed
	UF$FOF               13	Global	Absolute    Suppressed	UF$CGP               14	Global	Absolute    Suppressed
	UF$IFA               15	Global	Absolute    Suppressed	UF$IFS               16	Global	Absolute    Suppressed
	UF$NSR               17	Global	Absolute    Suppressed	UF$NSW               20	Global	Absolute    Suppressed
	UF$TLF               21	Global	Absolute    Suppressed	ER$MLE               22	Global	Absolute    Suppressed
	MX$NOM               23	Global	Absolute    Suppressed	MX$NOQ               24	Global	Absolute    Suppressed
	MG$NSU               25	Global	Absolute    Suppressed	MG$LTL               26	Global	Absolute    Suppressed
	MG$UEC               27	Global	Absolute    Suppressed	MG$UIC               30	Global	Absolute    Suppressed
	MG$UNC               31	Global	Absolute    Suppressed	MG$ARG               32	Global	Absolute    Suppressed
	MG$NNK               33	Global	Absolute    Suppressed	MG$MFC               34	Global	Absolute    Suppressed
	MG$IPS               35	Global	Absolute    Suppressed	MG$GPE               36	Global	Absolute    Suppressed
	SL$NSU               37	Global	Absolute    Suppressed	SL$NNK               40	Global	Absolute    Suppressed
	LS$DMF               41	Global	Absolute    Suppressed	LS$NMF               42	Global	Absolute    Suppressed
	LS$ICP               43	Global	Absolute    Suppressed	LS$ISP               44	Global	Absolute    Suppressed
	LS$ISU               45	Global	Absolute    Suppressed	LS$INN               46	Global	Absolute    Suppressed
	LS$IDS               47	Global	Absolute    Suppressed	NW$ERR               50	Global	Absolute    Suppressed
	S2$ERR               51	Global	Absolute    Suppressed	LS$UOQ               52	Global	Absolute    Suppressed
	DN$INP               53	Global	Absolute    Suppressed	LS$IHT               54	Global	Absolute    Suppressed
	LS$IRT               55	Global	Absolute    Suppressed	UF$NQE               56	Global	Absolute    Suppressed
		LINK symbol map of	MX	version 1A(545)		page 6
MXERR
	UF$CGL               57	Global	Absolute    Suppressed	UF$DQE               60	Global	Absolute    Suppressed
	UF$CFL               61	Global	Absolute    Suppressed	UF$FPE               62	Global	Absolute    Suppressed
	UF$FPF               63	Global	Absolute    Suppressed	UF$FNF               64	Global	Absolute    Suppressed
	UF$CNP               65	Global	Absolute    Suppressed	UF$LOK               66	Global	Absolute    Suppressed
	UF$LEN               67	Global	Absolute    Suppressed	UFD$CR               70	Global	Absolute    Suppressed
	LS$CCP               71	Global	Absolute    Suppressed	MX$MZB               72	Global	Absolute    Suppressed
	MX$CTP               73	Global	Absolute    Suppressed	MP$PLD               74	Global	Absolute    Suppressed
	FK$FAE               75	Global	Absolute    Suppressed	FK$CCF               76	Global	Absolute    Suppressed
	FK$GJF               77	Global	Absolute    Suppressed	FK$GEF              100	Global	Absolute    Suppressed
	FK$NFL              101	Global	Absolute    Suppressed	FK$CSS              102	Global	Absolute    Suppressed
	FK$STO              103	Global	Absolute    Suppressed	NW$UTC              104	Global	Absolute    Suppressed
	NW$NRF              105	Global	Absolute    Suppressed	NW$NWF              106	Global	Absolute    Suppressed
	NW$NFF              107	Global	Absolute    Suppressed	NW$RCF              110	Global	Absolute    Suppressed
	ER%PRC           435203	Global	Relocatable 		ER%HND           435331	Global	Relocatable 	
	ER%BLD           435476	Global	Relocatable 		LOG              435702	Global	Relocatable 	
	ELOG             436021	Global	Relocatable 	
		*************

DCNSRV	from DSK:MX.REL	created by BLISS-36 on  1-Feb-89 at 15:05:27
	Low  segment starts at	  3653 ends at	  3660 length	     6 (octal),     6. (decimal)
	High segment starts at	436124 ends at	437040 length	   715 (octal),   461. (decimal)

	DCNSRV           436134	Global	Relocatable 	
	DCNSPL           436254	Global	Relocatable 		MX$ROU           436451	Global	Relocatable 	
	GETSUB           436722	Global	Relocatable 	
		*************

TBLUK	from DSK:MX.REL	created by BLISS-36 on  1-Feb-89 at 15:05:27
	High segment starts at	437041 ends at	437551 length	   511 (octal),   329. (decimal)

	UC%TAB           437041	Global	Relocatable 	
	TBL%LO           437141	Entry	Relocatable 		TBL%AD           437443	Entry	Relocatable 	
	TBL%DE           437522	Entry	Relocatable 	
		*************

NMUT20	from DSK:MXNT20.REL	created by MACRO on  1-Feb-89 at 15:05:13
	Low  segment starts at	  3661 ends at	  4370 length	   510 (octal),   328. (decimal)

	CFORK%     104000000152	Global	Absolute    	
	CLZFF%     104000000034	Global	Absolute    		CR%CAP     200000000000	Global	Absolute    Suppressed
	CRSACS             4245	Global	Relocatable 		CRSERR             4244	Global	Relocatable 	
	CRSPC              4265	Global	Relocatable 		CRSPTR             4266	Global	Relocatable 	
	CURTSK             3661	Global	Relocatable 		DIR        104000000130	Global	Absolute    	
	EPCAP%     104000000151	Global	Absolute    		ERJMP      320700000000	Global	Absolute    	
	ERSTR%     104000000011	Global	Absolute    		GET%       104000000200	Global	Absolute    	
	GETAB%     104000000010	Global	Absolute    		GETER%     104000000012	Global	Absolute    	
	GJ%FOU     400000000000	Global	Absolute    Suppressed	GJ%NEW     200000000000	Global	Absolute    Suppressed
	GJ%OLD     100000000000	Global	Absolute    Suppressed	GJ%SHT          1000000	Global	Absolute    Suppressed
	GTJFN%     104000000020	Global	Absolute    		HALTF%     104000000170	Global	Absolute    	
	KFORK%     104000000153	Global	Absolute    		LOGEVT             3761	Global	Relocatable 	
	NMLDIE             4012	Global	Relocatable 		PRVTSK             3662	Global	Relocatable 	
	PSOUT      104000000076	Global	Absolute    		PSOUT%     104000000076	Global	Absolute    	
	QA%IMM     400000000000	Global	Absolute    Suppressed	QA%LEN        777000000	Global	Absolute    Suppressed
	QA%TYP           777777	Global	Absolute    Suppressed	QU%DBG     200000000000	Global	Absolute    Suppressed
		LINK symbol map of	MX	version 1A(545)		page 7
NMUT20
	QU%NFO     200000000000	Global	Absolute    Suppressed	QU%NRS     400000000000	Global	Absolute    Suppressed
	QU%SJI     400000000000	Global	Absolute    Suppressed	RPCAP%     104000000150	Global	Absolute    	
	SF%EXT     400000000000	Global	Absolute    Suppressed	SFRKV%     104000000201	Global	Absolute    	
	SOUT       104000000053	Global	Absolute    		SPLFK%     104000000314	Global	Absolute    	
	SS%CLM             3715	Entry	Relocatable 		SS%CME             3720	Entry	Relocatable 	
	SS%CPY           400000	Global	Absolute    Suppressed	SS%MES             3724	Entry	Relocatable 	
	SS%RD            100000	Global	Absolute    Suppressed	SS%SWI             3663	Entry	Relocatable 	
	SS%TIN             3704	Entry	Relocatable 		SSAVE%     104000000203	Global	Absolute    	
	STDEV%     104000000120	Global	Absolute    		.DWNTI               30	Global	Absolute    Suppressed
	.FHINF           777774	Global	Absolute    Suppressed	.FHSLF           400000	Global	Absolute    Suppressed
	.PRIOU              101	Global	Absolute    Suppressed	.QBDFG               55	Global	Absolute    Suppressed
	.QBDTY               53	Global	Absolute    Suppressed	.QBEVT                4	Global	Absolute    Suppressed
	.QBMSG               40	Global	Absolute    Suppressed	.QBTYP               41	Global	Absolute    Suppressed
	.QUFNC                0	Global	Absolute    Suppressed	.QUWTO               12	Global	Absolute    Suppressed
	.SFCOD                1	Global	Absolute    Suppressed	.SFUIN                2	Global	Absolute    Suppressed

		*************

LISTEN	from DSK:SMTLIS.REL	created by MACRO on  1-Feb-89 at 15:05:08
	High segment starts at	437552 ends at	441313 length	  1542 (octal),   866. (decimal)

	SMTPLI           437552	Global	Relocatable 		STRLEN           441105	Global	Relocatable 	
	STRLN            441110	Global	Relocatable 		.CHCRT               15	Global	Absolute    Suppressed
	.CHLFD               12	Global	Absolute    Suppressed
		*************

SENDER	from DSK:SMTSEN.REL	created by MACRO on  1-Feb-89 at 15:05:03
	High segment starts at	441314 ends at	442414 length	  1101 (octal),   577. (decimal)

	FLUNK            441577	Global	Relocatable 	
	SMTPSN           441314	Global	Relocatable 	
		*************

SENVAX	from DSK:SENVAX.REL	created by MACRO on  1-Feb-89 at 15:04:47
	Low  segment starts at	  4371 ends at	  4377 length	     7 (octal),     7. (decimal)
	High segment starts at	442415 ends at	444054 length	  1440 (octal),   800. (decimal)

	SENVAX           442415	Global	Relocatable 	

		*************

LISVAX	from DSK:LISVAX.REL	created by MACRO on  1-Feb-89 at 15:04:59
	High segment starts at	444055 ends at	446077 length	  2023 (octal),  1043. (decimal)

	LISVAX           444055	Global	Relocatable 		ODTIM%     104000000220	Global	Absolute    	
	OT%4YR      10000000000	Global	Absolute    Suppressed	OT%NCO         40000000	Global	Absolute    Suppressed
	OT%NSC        200000000	Global	Absolute    Suppressed	OT%SCL          1000000	Global	Absolute    Suppressed
	OT%SPA       2000000000	Global	Absolute    Suppressed	OT%TMZ         20000000	Global	Absolute    Suppressed
	SC%WHL           400000	Global	Absolute    Suppressed	.DCX11               13	Global	Absolute    Suppressed

		*************

		LINK symbol map of	MX	version 1A(545)		page 8


SUBDCN	from DSK:SUBDCN.REL	created by MACRO on  1-Feb-89 at 15:05:21
	High segment starts at	446100 ends at	446426 length	   327 (octal),   215. (decimal)

	AIC%       104000000131	Global	Absolute    		ARGX02           601713	Global	Absolute    	
	CIS%       104000000141	Global	Absolute    		CZ%ABT       4000000000	Global	Absolute    Suppressed
	DEBRK%     104000000136	Global	Absolute    		DIC%       104000000133	Global	Absolute    	
	DIR%       104000000130	Global	Absolute    		EIR%       104000000126	Global	Absolute    	
	ERJMPR     320500000000	Global	Absolute    		F                     0	Global	Absolute    	
	IIC%       104000000132	Global	Absolute    		MO%ABT      10000000000	Global	Absolute    Suppressed
	MO%CDN     777000000000	Global	Absolute    Suppressed	MO%DAV           777000	Global	Absolute    Suppressed
	MO%INA        777000000	Global	Absolute    Suppressed	MO%SYN       4000000000	Global	Absolute    Suppressed
	MTOPR%     104000000077	Global	Absolute    		OF%BSZ     770000000000	Global	Absolute    Suppressed
	OF%RD            200000	Global	Absolute    Suppressed	OF%WR            100000	Global	Absolute    Suppressed
	OPENF%     104000000021	Global	Absolute    		P1                   10	Global	Absolute    	
	P6                   15	Global	Absolute    		Q2                    6	Global	Absolute    	
	RESET%     104000000147	Global	Absolute    		SINR%      104000000531	Global	Absolute    	
	SIR%       104000000125	Global	Absolute    		SOUT%      104000000053	Global	Absolute    	
	SOUTR%     104000000532	Global	Absolute    		SUBDCN           446100	Global	Relocatable 	
	T1                    1	Global	Absolute    		T2                    2	Global	Absolute    	
	T3                    3	Global	Absolute    		T4                    4	Global	Absolute    	
	WAIT%      104000000306	Global	Absolute    		.ERBAS           600000	Global	Absolute    Suppressed
	.FHSUP           777777	Global	Absolute    Suppressed	.MOACN               24	Global	Absolute    Suppressed
	.MOCIA              776	Global	Absolute    Suppressed	.MONCI              777	Global	Absolute    Suppressed
	.MORLS               25	Global	Absolute    Suppressed
		*************

.MAIN	from DSK:NETTAB.REL	created by MACRO on  1-Feb-89 at 15:05:15
	Low  segment starts at	  4400 ends at	  4560 length	   161 (octal),   113. (decimal)

	DNTIMO              454	Global	Absolute    Suppressed
	LGDAYS             4401	Global	Relocatable 		LGHOLE             4402	Global	Relocatable 	
	NETTAB             4403	Global	Relocatable 		NSMTP              4431	Global	Relocatable 	
	NTIMO              4400	Global	Relocatable 		NVM11              4432	Global	Relocatable 	
	RTRYLC               15	Global	Absolute    Suppressed	RTRYNT               10	Global	Absolute    Suppressed

		*************

MXVER	from DSK:MXVER.REL	created by MACRO on  1-Feb-89 at 15:05:14
	Low  segment starts at	  4561 ends at	  4604 length	    24 (octal),    20. (decimal)

	COPYWR             4561	Global	Relocatable 		VERSTR             4603	Global	Relocatable 	

		*************

$OTSCH	from SYS:B362LB.REL	created by MACRO on 22-Sep-88 at  9:40:28
	Low  segment starts at	  4605 ends at	  4625 length	    21 (octal),    17. (decimal)
	High segment starts at	446427 ends at	447006 length	   360 (octal),   240. (decimal)

	HALTF      104000000170	Global	Absolute    		NO%LFL     100000000000	Global	Absolute    Suppressed
	NO%MAG     400000000000	Global	Absolute    Suppressed	NO%ZRO      40000000000	Global	Absolute    Suppressed
	NOUT       104000000224	Global	Absolute    		RIR        104000000144	Global	Absolute    	
	RWM%       104000000135	Global	Absolute    		SIGNA.           446431	Entry	Relocatable 	
	SIGND.           446677	Entry	Relocatable 		SIGST.           446521	Entry	Relocatable 	
		LINK symbol map of	MX	version 1A(545)		page 9
$OTSCH
	SS$UNW      17777377760	Global	Absolute    		UNWND.           446427	Entry	Relocatable 	
	XMOVEI     415000000000	Global	Absolute    		XRIR%      104000000601	Global	Absolute    	

		*************

EFPNT.	from SYS:B362LB.REL	created by MACRO on 22-Sep-88 at  9:40:28
	Low  segment starts at	  4626 ends at	  4626 length	     1 (octal),     1. (decimal)

	EFPNT.             4626	Entry	Relocatable 	
		*************

CHDIF%	from SYS:B362LB.REL	created by MACRO on 22-Sep-88 at  9:40:28
	High segment starts at	447007 ends at	447043 length	    35 (octal),    29. (decimal)

	CHDIF%           447007	Entry	Relocatable 	

		*************

CHCNP%	from SYS:B362LB.REL	created by MACRO on 22-Sep-88 at  9:40:28
	High segment starts at	447044 ends at	447060 length	    15 (octal),    13. (decimal)

	CHCNP%           447044	Entry	Relocatable 	
		*************

CHCNE%	from SYS:B362LB.REL	created by MACRO on 22-Sep-88 at  9:40:28
	High segment starts at	447061 ends at	447142 length	    62 (octal),    50. (decimal)

	CHCNE%           447061	Entry	Relocatable 	

		*************

CHFCH%	from SYS:B362LB.REL	created by MACRO on 22-Sep-88 at  9:40:28
	High segment starts at	447143 ends at	447154 length	    12 (octal),    10. (decimal)

	CHFCH%           447143	Entry	Relocatable 	
		*************

CHFSX%	from SYS:B362LB.REL	created by MACRO on 22-Sep-88 at  9:40:28
	High segment starts at	447155 ends at	447226 length	    52 (octal),    42. (decimal)

	CHFSX%           447155	Entry	Relocatable 	

		*************


	Index to LINK symbol map of	MX	version 1A(545)		page 10

	Name	Page	Name	Page	Name	Page	Name	Page

	CHCNE%	 9	MXDATA	 4	NMUIPC	 2	NMUTXT	 3
	CHCNP%	 9	MXERR	 5	NMUMEM	 2	SENDER	 7
	CHDIF%	 9	MXFIL	 5	NMUNET	 3	SENVAX	 7
	CHFCH%	 9	MXFORK	 4	NMUPAG	 2	SUBDCN	 8
	CHFSX%	 9	MXHOST	 4	NMUQUE	 2	TBLUK	 6
	DCNSRV	 6	MXLCL	 4	NMUSKD	 2	$OTSCH	 8
	EFPNT.	 9	MXQMAN	 4	NMUT20	 6	.MAIN	 1
	LISTEN	 7	MXVER	 8	NMUTBL	 3	.MAIN	 8
	LISVAX	 7	NMUINT	 1

	[End of LINK map of	MX]
  