		LINK symbol map of	RMTCON	version A		page 1
	Produced by LINK version 6(2364) on 10-Jun-85 at 16:56:05

	Low  segment starts at	     0 ends at	 32166 length	 32167 = 27P
	393 words free in Low segment
	642 Global symbols loaded, therefore min. hash size is 714
	Start address is  12221, located in program RMTCNM

		*************

JOBDAT-INITIAL-SYMBOLS
	%JOBDT      43200000454	Global	Absolute    Suppressed	.JB41                41	Global	Absolute    	
	.JBAPR              125	Global	Absolute    		.JBBLT               45	Global	Absolute    	
	.JBCHN              131	Global	Absolute    		.JBCNI              126	Global	Absolute    	
	.JBCOR              133	Global	Absolute    		.JBCST              136	Global	Absolute    	
	.JBDA               140	Global	Absolute    		.JBDDT               74	Global	Absolute    	
	.JBEDV              112	Global	Absolute    		.JBERR               42	Global	Absolute    	
	.JBFF               121	Global	Absolute    		.JBH41                1	Global	Absolute    Suppressed
	.JBHCR                2	Global	Absolute    Suppressed	.JBHDA               10	Global	Absolute    Suppressed
	.JBHGA                7	Global	Absolute    Suppressed	.JBHGH           400000	Global	Absolute    Suppressed
	.JBHNM                5	Global	Absolute    Suppressed	.JBHRL              115	Global	Absolute    	
	.JBHRN                3	Global	Absolute    Suppressed	.JBHSA                0	Global	Absolute    Suppressed
	.JBHSM                6	Global	Absolute    Suppressed	.JBHVR                4	Global	Absolute    Suppressed
	.JBINT              134	Global	Absolute    		.JBOPC              130	Global	Absolute    	
	.JBOPS              135	Global	Absolute    		.JBOVL              131	Global	Absolute    	
	.JBPFH              123	Global	Absolute    		.JBPFI               74	Global	Absolute    	
	.JBREL               44	Global	Absolute    		.JBREN              124	Global	Absolute    	
	.JBSA               120	Global	Absolute    		.JBSYM              116	Global	Absolute    	
	.JBTPC              127	Global	Absolute    		.JBUSY              117	Global	Absolute    	
	.JBUUO               40	Global	Absolute    		.JBVER              137	Global	Absolute    	

		*************

RMTCON	from DSK:RMTCNT.REL	created by MACRO on 10-Jun-85 at 16:47:54
	Low  segment starts at	   140 ends at	   724 length	   565 (octal),   373. (decimal)

	ABORT               153	Global	Relocatable 		BEGEND              160	Global	Relocatable 	
	BEGIN               140	Global	Relocatable 		C%CCAD              254	Global	Relocatable 	
	C%FIRS              714	Global	Relocatable 		C%PSTK              253	Global	Relocatable 	
	CC%FLG              243	Global	Relocatable 		CC%POS              247	Global	Relocatable 	
	CC%PRE              246	Global	Relocatable 		CD%FLG              245	Global	Relocatable 	
	CFM                 213	Global	Relocatable 		CLKCNT              231	Global	Relocatable 	
	CLOCKF              230	Global	Relocatable 		CONSW               223	Global	Relocatable 	
	CPOPJ               164	Global	Relocatable 		CPOPJ1              163	Global	Relocatable 	
	CSHFLG              235	Global	Relocatable 		CSHMEM              236	Global	Relocatable 	
	CY%ACT              252	Global	Relocatable 		CY%FLG              244	Global	Relocatable 	
	CY%POS              251	Global	Relocatable 		CY%PRE              250	Global	Relocatable 	
	DDTLNK                0	Global	Absolute    		DDTSRT              147	Global	Relocatable 	
	DECVER                0	Global	Absolute    Suppressed	DIAGMN              142	Global	Relocatable 	
	E%ACTF              271	Global	Relocatable 		E%ACTU              272	Global	Relocatable 	
	E%CORE              270	Global	Relocatable 		E%CORF              267	Global	Relocatable 	
	E%DISC              273	Global	Relocatable 		E%ERFL              266	Global	Relocatable 	
	E%ERH1              274	Global	Relocatable 		E%ERH2              275	Global	Relocatable 	
	E%ERH3              276	Global	Relocatable 		E%ERPC              264	Global	Relocatable 	
	E%FMT               265	Global	Relocatable 		E%LUUO              263	Global	Relocatable 	
	ENDFIX              724	Global	Relocatable 		ERMORE              260	Global	Relocatable 	
		LINK symbol map of	RMTCON	version A		page 2
RMTCON
	ERRNBR              256	Global	Relocatable 		ERRPC               255	Global	Relocatable 	
	ERRTLS              257	Global	Relocatable 		I%AC0               303	Global	Relocatable 	
	I%CHNT              313	Global	Relocatable 		I%ITRX              306	Global	Relocatable 	
	I%ITRY              307	Global	Relocatable 		I%L1FL              716	Global	Relocatable 	
	I%L1PC              717	Global	Relocatable 		I%L2FL              720	Global	Relocatable 	
	I%L2PC              721	Global	Relocatable 		I%L3FL              722	Global	Relocatable 	
	I%L3PC              723	Global	Relocatable 		I%LEVT              312	Global	Relocatable 	
	I%PWRX              310	Global	Relocatable 		I%PWRY              311	Global	Relocatable 	
	I%SVAP              305	Global	Relocatable 		I%SVPI              304	Global	Relocatable 	
	INIT                211	Global	Relocatable 		IPAG             400000	Global	Absolute    	
	ITRCH1              277	Global	Relocatable 		ITRCNT              152	Global	Relocatable 	
	M%MUUO              325	Global	Relocatable 		MAPNEW              326	Global	Relocatable 	
	MCNVER                1	Global	Absolute    Suppressed	MEMLOW              330	Global	Relocatable 	
	MEMSIZ              331	Global	Relocatable 		MEMTOT              327	Global	Relocatable 	
	MONCTL              220	Global	Relocatable 		MONFLG              217	Global	Relocatable 	
	MONTEN              221	Global	Relocatable 		MONTYP              216	Global	Relocatable 	
	P%CARC              416	Global	Relocatable 		P%DISF              417	Global	Relocatable 	
	P%DJFN              453	Global	Relocatable 		P%DSKF              450	Global	Relocatable 	
	P%DVOF              424	Global	Relocatable 		P%ENAB              403	Global	Relocatable 	
	P%FCRL              406	Global	Relocatable 		P%FLAG              402	Global	Relocatable 	
	P%FORC              404	Global	Relocatable 		P%FRCA              405	Global	Relocatable 	
	P%INHI              420	Global	Relocatable 		P%LFGO              411	Global	Relocatable 	
	P%NAME              166	Global	Relocatable 		P%NOTY              412	Global	Relocatable 	
	P%OHDR              454	Global	Relocatable 		P%OPTR              407	Global	Relocatable 	
	P%OUTE              460	Global	Relocatable 		P%OUTN              457	Global	Relocatable 	
	P%OUTP              410	Global	Relocatable 		P%PAX1              430	Global	Relocatable 	
	P%PNT               415	Global	Relocatable 		P%RADC              427	Global	Relocatable 	
	P%RADI              425	Global	Relocatable 		P%RADL              426	Global	Relocatable 	
	P%SAV               414	Global	Relocatable 		P%SPAC              422	Global	Relocatable 	
	P%T20               451	Global	Relocatable 		P%T20P              452	Global	Relocatable 	
	P%TABF              423	Global	Relocatable 		P%TINH              421	Global	Relocatable 	
	P%UERR              431	Global	Relocatable 		P%VER               167	Global	Relocatable 	
	P%XOFF              413	Global	Relocatable 		PASCNT              224	Global	Relocatable 	
	PFSTRT              145	Global	Relocatable 		PG%END              240	Global	Relocatable 	
	PLIST               504	Global	Relocatable 		PLISTE              705	Global	Relocatable 	
	PLISTS              505	Global	Relocatable 		POWER               463	Global	Relocatable 	
	PVPAGI              234	Global	Relocatable 		RANDBS              165	Global	Relocatable 	
	REENTR              146	Global	Relocatable 		REPTU               261	Global	Relocatable 	
	RETURN              151	Global	Relocatable 		RUNFLG              225	Global	Relocatable 	
	S%TOGG              241	Global	Relocatable 		SBINIT              150	Global	Relocatable 	
	SCOPE               262	Global	Relocatable 		SERNBR              222	Global	Relocatable 	
	SFSTRT              144	Global	Relocatable 		SWPTAB              242	Global	Relocatable 	
	SYSEXR              143	Global	Relocatable 		T%CDAD              442	Global	Relocatable 	
	T%CHAR              434	Global	Relocatable 		T%CHRI              435	Global	Relocatable 	
	T%CNV               441	Global	Relocatable 		T%DIGI              437	Global	Relocatable 	
	T%INP               444	Global	Relocatable 		T%IPTR              443	Global	Relocatable 	
	T%NEG               440	Global	Relocatable 		T%NUMB              436	Global	Relocatable 	
	T%TAX1              445	Global	Relocatable 		T%TAX2              446	Global	Relocatable 	
	T%TAX3              447	Global	Relocatable 		T%TERM              711	Global	Relocatable 	
	T%TIMW              433	Global	Relocatable 		T%TLEN              713	Global	Relocatable 	
	T%TWAI              432	Global	Relocatable 		T%TWD               712	Global	Relocatable 	
	TESTNB              227	Global	Relocatable 		TESTPC              226	Global	Relocatable 	
	TIMERF              232	Global	Relocatable 		TMRCNT              233	Global	Relocatable 	
	TOTALS              154	Global	Relocatable 		U%DTBL              173	Global	Relocatable 	
		LINK symbol map of	RMTCON	version A		page 3
RMTCON
	U%ERR               321	Global	Relocatable 		U%RTX               320	Global	Relocatable 	
	U%SVPC              715	Global	Relocatable 		U%SVUP              323	Global	Relocatable 	
	U%SVUU              322	Global	Relocatable 		U%USRT              317	Global	Relocatable 	
	U%UUO               324	Global	Relocatable 		USER                215	Global	Relocatable 	
	$ATOM               706	Global	Relocatable 		$BEND1              161	Global	Relocatable 	
	$BEND2              162	Global	Relocatable 		$EMODE              170	Global	Relocatable 	
	$GTJFN              707	Global	Relocatable 		$IPAG               710	Global	Relocatable 	
	$MMAP               172	Global	Relocatable 		$ONETM              237	Global	Relocatable 	
	$PSHER              503	Global	Relocatable 		$START              141	Global	Relocatable 	
	$UMODE              171	Global	Relocatable 	
		*************

KCSUB	from DSK:KCSUB.REL	created by MACRO on 10-Jun-85 at 13:30:58
	Low  segment starts at	   725 ends at	 11204 length	 10260 (octal),  4272. (decimal)

	A36FLG             7742	Global	Relocatable 	
	ACS0              10732	Global	Relocatable 		ACS1              10733	Global	Relocatable 	
	AIC        104000000131	Global	Absolute    		ATI        104000000137	Global	Absolute    	
	ATOM              10210	Global	Relocatable 		BAKCHR            10671	Global	Relocatable 	
	BIS               20000	Global	Absolute    Suppressed	BLKSAV            10727	Global	Relocatable 	
	BOUT       104000000051	Global	Absolute    		BUFCNT            10730	Global	Relocatable 	
	BYTSAV            10743	Global	Relocatable 		C$QUIT              762	Entry	Relocatable 	
	CCBLK              3215	Global	Relocatable 		CCEXC              3157	Global	Relocatable 	
	CCINIT             3221	Global	Relocatable 		CCLBLK            10512	Global	Relocatable 	
	CCLDIR            10520	Global	Relocatable 		CFIBF      104000000100	Global	Absolute    	
	CLOS20             6730	Entry	Relocatable 		CLOSF      104000000022	Global	Absolute    	
	CM%HPP          4000000	Global	Absolute    Suppressed	CM%NOP     200000000000	Global	Absolute    Suppressed
	CM%RPT      40000000000	Global	Absolute    Suppressed	CMDBUF            10126	Global	Relocatable 	
	CMDFLG             7744	Global	Relocatable 		CMDMSG            10503	Global	Relocatable 	
	CMFILE            10505	Global	Relocatable 		CMJERR             1423	Entry	Relocatable 	
	CNSFLG             7711	Global	Relocatable 		COCTAB            10665	Global	Relocatable 	
	COMND      104000000544	Global	Absolute    		CONFLG            10065	Global	Relocatable 	
	CPIERR              742	Global	Relocatable 		CRBLK             10703	Global	Relocatable 	
	CSB               10075	Global	Relocatable 		DEBRK      104000000136	Global	Absolute    	
	DEBUGF            10273	Global	Relocatable 		DEVFLG             7703	Global	Relocatable 	
	DEVTYP             7714	Global	Relocatable 		DIAFLG              733	Global	Relocatable 	
	DIAGLD             6274	Entry	Relocatable 		DIAITR              777	Global	Relocatable 	
	DIAPL             10300	Global	Relocatable 		DIASWS              776	Global	Relocatable 	
	DIAT20              767	Global	Relocatable 		DIAUSR              766	Global	Relocatable 	
	DINFLG             7704	Global	Relocatable 		DOBE       104000000104	Global	Absolute    	
	DV%INT            10572	Global	Relocatable 		E%ERH0            10535	Global	Relocatable 	
	ECHOF             10275	Global	Relocatable 		EIR        104000000126	Global	Absolute    	
	EMADR             10501	Global	Relocatable 		EMLAST            10502	Global	Relocatable 	
	ENDZER            10523	Global	Relocatable Suppressed	EOPERR              743	Global	Relocatable 	
	EPCAP      104000000151	Global	Absolute    		ERRJSY     320700001416	Global	Relocatable 	
	ERSTR      104000000011	Global	Absolute    		F%SELF            10542	Global	Relocatable 	
	FILASC            10066	Global	Relocatable 		FILFND             6307	Entry	Relocatable 	
	FIRZER            10300	Global	Relocatable Suppressed	FR8CNT            10740	Global	Relocatable 	
	FRACNT            10737	Global	Relocatable 		FRDTYP            10741	Global	Relocatable 	
	FRWCNT            10736	Global	Relocatable 		GETER      104000000012	Global	Absolute    	
	GJ%OLD     100000000000	Global	Absolute    Suppressed	GJ%SHT          1000000	Global	Absolute    Suppressed
	GTFDB      104000000063	Global	Absolute    		GTJDEV            10111	Global	Relocatable 	
	GTJDIR            10112	Global	Relocatable 		GTJEXT            10114	Global	Relocatable 	
	GTJFIL            10113	Global	Relocatable 		GTJFLG            10107	Global	Relocatable 	
		LINK symbol map of	RMTCON	version A		page 4
KCSUB
	GTJFN      104000000020	Global	Absolute    		GTJFNB            10107	Global	Relocatable 	
	GTTYP      104000000303	Global	Absolute    		HALTF      104000000170	Global	Absolute    	
	HLPARG            11011	Global	Relocatable 		HLPCNT            10754	Global	Relocatable 	
	IFIXX3           600416	Global	Absolute    		INJFN             10507	Global	Relocatable 	
	INTAKE            10504	Global	Relocatable 		IOX4             600220	Global	Absolute    	
	JFNS       104000000030	Global	Absolute    		JOBFFW            10753	Global	Relocatable 	
	JOBSAW            10752	Global	Relocatable 		JSERR0             1375	Entry	Relocatable 	
	JSHLT0             1416	Entry	Relocatable 		K%BACK             4167	Entry	Relocatable 	
	K%BIN              4155	Entry	Relocatable 		K%BOUT             4144	Entry	Relocatable 	
	K%CCO              4174	Entry	Relocatable 		K%IFLG              765	Global	Relocatable 	
	K%INIT             4024	Entry	Relocatable 		K%RCOC             4063	Entry	Relocatable 	
	K%SOUT             4151	Entry	Relocatable 		K%STYP             4105	Entry	Relocatable 	
	K%TXTI             4054	Entry	Relocatable 		K%WCOC             4074	Entry	Relocatable 	
	KCFLG              7672	Global	Relocatable 		LDACHR             6550	Entry	Relocatable 	
	LDADR              7750	Global	Relocatable 		LDATA              7751	Global	Relocatable 	
	LDATAE            10023	Global	Relocatable 		LDAWD             10742	Global	Relocatable 	
	LDBLK             10031	Global	Relocatable 		LDBUF             10034	Global	Relocatable 	
	LDCKS             10744	Global	Relocatable 		LDCNT              7747	Global	Relocatable 	
	LDEVIC             7713	Global	Relocatable 		LDID               7745	Global	Relocatable 	
	LDNAME            10025	Global	Relocatable 		LDTYP              7746	Global	Relocatable 	
	LPTFLG             7705	Global	Relocatable 		LSTCHR            10670	Global	Relocatable 	
	LUOERR              741	Global	Relocatable 		MODCHK              730	Global	Relocatable 	
	MTOPR      104000000077	Global	Absolute    		MUOERR              740	Global	Relocatable 	
	NAMPNT             1464	Entry	Relocatable 		NEXT               1112	Entry	Relocatable 	
	NOCMNT            10734	Global	Relocatable 		NOFNF             10735	Global	Relocatable 	
	NOTFND             6322	Entry	Relocatable 		NOUT       104000000224	Global	Absolute    	
	ODCNV      104000000222	Global	Absolute    		OF%APP            20000	Global	Absolute    Suppressed
	OF%RD            200000	Global	Absolute    Suppressed	ONCE                774	Global	Relocatable 	
	OPENF      104000000021	Global	Absolute    		P%CRLF            10544	Global	Relocatable 	
	P%TTYF            10561	Global	Relocatable 		PAGCNT             7743	Global	Relocatable 	
	PARSE              1117	Entry	Relocatable 		PARSET             3332	Global	Relocatable 	
	PASS                773	Global	Relocatable 		PBIN       104000000073	Global	Absolute    	
	PBOUT      104000000074	Global	Absolute    		PGMGO              7701	Global	Relocatable 	
	PMAP       104000000056	Global	Absolute    		PSOUT      104000000076	Global	Absolute    	
	RANBAS              775	Global	Relocatable 		RD%BBG       1000000000	Global	Absolute    Suppressed
	RD%BEL      40000000000	Global	Absolute    Suppressed	RD%BRK     400000000000	Global	Absolute    Suppressed
	RD%CRF      20000000000	Global	Absolute    Suppressed	RD%JFN       4000000000	Global	Absolute    Suppressed
	RDCNV              6602	Entry	Relocatable 		REEN               1051	Entry	Relocatable 	
	REINIT              726	Global	Relocatable 		RESET      104000000147	Global	Absolute    	
	RFCOC      104000000112	Global	Absolute    		RFMOD      104000000107	Global	Absolute    	
	RPCAP      104000000150	Global	Absolute    		RUNCTL             7717	Global	Relocatable 	
	RUNJFN            10510	Global	Relocatable 		RWORD              6331	Entry	Relocatable 	
	S%ONCE            10606	Global	Relocatable 		S%SCMP             1477	Entry	Relocatable 	
	SAVAC5            10747	Global	Relocatable 		SAVAC6            10750	Global	Relocatable 	
	SAVAC7            10751	Global	Relocatable 		SAVBUF            10707	Global	Relocatable 	
	SAVEIP             7716	Global	Relocatable 		SAVT3             10745	Global	Relocatable 	
	SAVT4             10746	Global	Relocatable 		SC%CTC     400000000000	Global	Absolute    Suppressed
	SC%GTB     200000000000	Global	Absolute    Suppressed	SC%LSS     400000000000	Global	Absolute    Suppressed
	SC%SUB     200000000000	Global	Absolute    Suppressed	SCFLAG             7712	Global	Relocatable 	
	SCHARG            11010	Global	Relocatable 		SETNM      104000000210	Global	Absolute    	
	SFCOC      104000000113	Global	Absolute    		SFMOD      104000000110	Global	Absolute    	
	SIBE       104000000102	Global	Absolute    		SIXASC             5746	Global	Relocatable 	
	SNAME              1457	Entry	Relocatable 		SOUT       104000000053	Global	Absolute    	
	SPECIA             7700	Global	Relocatable 		SPVERR              744	Global	Relocatable 	
		LINK symbol map of	RMTCON	version A		page 5
KCSUB
	SRCSTR            10755	Global	Relocatable 		STADR               771	Global	Relocatable 	
	START               725	Global	Relocatable 		STARTX             1011	Entry	Relocatable 	
	STCMP      104000000540	Global	Absolute    		STTYP      104000000302	Global	Absolute    	
	SUBINI              727	Global	Relocatable 		SUSERF              772	Global	Relocatable 	
	SYSGT      104000000016	Global	Absolute    		T%LAST            10575	Global	Relocatable 	
	T%TIME             7673	Global	Relocatable 		T20ERR             6063	Global	Relocatable 	
	TAPEPF             7702	Global	Relocatable 		TBLUK      104000000537	Global	Absolute    	
	TEXTI      104000000524	Global	Absolute    		TI                10672	Global	Relocatable 	
	TOPS10              770	Global	Relocatable 		TRMPTR            10667	Global	Relocatable 	
	TT%DAM              300	Global	Absolute    Suppressed	TT%OSP     400000000000	Global	Absolute    Suppressed
	USERF             10000	Global	Absolute    Suppressed	USRFLG             7710	Global	Relocatable 	
	USRITR            10731	Global	Relocatable 		USRMEM             1445	Entry	Relocatable 	
	XPANDF            10511	Global	Relocatable 		XSIR%      104000000602	Global	Absolute    	
	$$TERM             7675	Global	Relocatable 		$$TLEN             7677	Global	Relocatable 	
	$$TWD              7676	Global	Relocatable 		$CCLF             10506	Global	Relocatable 	
	$CJERR             1344	Entry	Relocatable 		$CMD               1126	Entry	Relocatable 	
	$CMDCF             1227	Entry	Relocatable 		$CMDER             1357	Entry	Relocatable 	
	$CMDIN             1245	Entry	Relocatable 		$CMDPM             1164	Entry	Relocatable 	
	$HEAR4             4356	Global	Relocatable 		$IBF              10515	Global	Relocatable 	
	$ITR1A             3403	Global	Relocatable 		$MEMMP             3453	Global	Relocatable 	
	$MPADR             3553	Global	Relocatable 		$MPSET             3465	Global	Relocatable 	
	$MSEG              3470	Global	Relocatable 		$PCHR0             5264	Entry	Relocatable 	
	$PDOVU             3357	Global	Relocatable 		$PLCH1             5707	Global	Relocatable 	
	$PLCHR             5673	Global	Relocatable 		$PMAP              3556	Global	Relocatable 	
	$POPJ1             2310	Global	Relocatable 		$PWRF             10074	Global	Relocatable 	
	$PWRST            10073	Global	Relocatable 		$SJBFF            10072	Global	Relocatable 	
	$SJBRE            10071	Global	Relocatable 		$TOCHR             5611	Global	Relocatable 	
	$TOSTR             5625	Global	Relocatable 		$UORTN             1665	Global	Relocatable 	
	$UUOIN             1656	Global	Relocatable 		.CMABC               10	Global	Absolute    Suppressed
	.CMABP                7	Global	Absolute    Suppressed	.CMBFP                3	Global	Absolute    Suppressed
	.CMCNT                5	Global	Absolute    Suppressed	.CMFLG                0	Global	Absolute    Suppressed
	.CMFNP                0	Global	Absolute    Suppressed	.CMGJB               11	Global	Absolute    Suppressed
	.CMINC                6	Global	Absolute    Suppressed	.CMIOJ                1	Global	Absolute    Suppressed
	.CMKEY                0	Global	Absolute    Suppressed	.CMPTR                4	Global	Absolute    Suppressed
	.CMRTY                2	Global	Absolute    Suppressed	.CMTXT               17	Global	Absolute    Suppressed
	.FBBYV               11	Global	Absolute    Suppressed	.FHSLF           400000	Global	Absolute    Suppressed
	.FILER             6742	Entry	Relocatable 		.FPC              10500	Global	Relocatable 	
	.ICILI               17	Global	Absolute    Suppressed	.ICPOV               11	Global	Absolute    Suppressed
	.MORLL               32	Global	Absolute    Suppressed	.MORLW               30	Global	Absolute    Suppressed
	.PRIIN              100	Global	Absolute    Suppressed	.PRIOU              101	Global	Absolute    Suppressed
	.RDBFP                5	Global	Absolute    Suppressed	.RDBKL               10	Global	Absolute    Suppressed
	.RDBRK                7	Global	Absolute    Suppressed	.RDCWB                0	Global	Absolute    Suppressed
	.RDDBC                4	Global	Absolute    Suppressed	.RDDBP                3	Global	Absolute    Suppressed
	.RDFLG                1	Global	Absolute    Suppressed	.RDIOJ                2	Global	Absolute    Suppressed
	.RDRTY                6	Global	Absolute    Suppressed	.TICCC                3	Global	Absolute    Suppressed
	.TICCD                4	Global	Absolute    Suppressed	.TICCY               31	Global	Absolute    Suppressed
	.TT100               20	Global	Absolute    Suppressed	.TT120               22	Global	Absolute    Suppressed
	.TTL30               14	Global	Absolute    Suppressed	.TTL36               16	Global	Absolute    Suppressed
	.TTV52               17	Global	Absolute    Suppressed
		*************

		LINK symbol map of	RMTCON	version A		page 6


RMTCNP	from DSK:RMTCNP.REL	created by MACRO on 10-Jun-85 at 16:48:01
	Low  segment starts at	 11205 ends at	 12220 length	  1014 (octal),   524. (decimal)

	CONECT            11306	Global	Relocatable 	
	DISABL            11404	Global	Relocatable 		ENABLE            11356	Global	Relocatable 	
	HELP              11470	Global	Relocatable 		MAINCM            11205	Global	Relocatable 	
	PGMHDR            11302	Global	Relocatable 		PGMNAM            11245	Global	Relocatable 	
	PGNAME            11303	Global	Relocatable 		PROMPT            11304	Global	Relocatable 	
	SHOW              11640	Global	Relocatable 		.CMFLD                7	Global	Absolute    Suppressed
	.CMNOI                2	Global	Absolute    Suppressed	.QUIT             11653	Global	Relocatable 	

		*************

RMTCNM	from DSK:RMTCNM.REL	created by MACRO on 10-Jun-85 at 16:48:31
	Low  segment starts at	 12221 ends at	 32166 length	 17746 (octal),  8166. (decimal)

	CIS        104000000141	Global	Absolute    		CTRSTR            12624	Global	Relocatable 	
	DBGFLG            27311	Global	Relocatable 		DIAG       104000000530	Global	Absolute    	
	DIC        104000000133	Global	Absolute    		DIR        104000000130	Global	Absolute    	
	DISMS      104000000167	Global	Absolute    		DTI        104000000140	Global	Absolute    	
	GETJI      104000000507	Global	Absolute    		GTAD       104000000227	Global	Absolute    	
	HEX               23562	Global	Relocatable 		IIC        104000000132	Global	Absolute    	
	LLMOP%     104000000624	Global	Absolute    		LM%AIC     400000000000	Global	Absolute    Suppressed
	LM%CBF          2000000	Global	Absolute    Suppressed	LM%CDL          2000000	Global	Absolute    Suppressed
	LM%MNO          1000000	Global	Absolute    Suppressed	LM%MRF     400000000000	Global	Absolute    Suppressed
	LM%RDL       2000000000	Global	Absolute    Suppressed	LM%RDO          4000000	Global	Absolute    Suppressed
	LOGFLG            27307	Global	Relocatable 		NODSEL            27544	Global	Relocatable 	
	PRHEX             23701	Global	Relocatable 		PRTNBR            27262	Global	Relocatable 	
	PWFLG             12244	Global	Relocatable 		PWORDH            27273	Global	Relocatable 	
	PWORDL            27274	Global	Relocatable 		RCADR             23447	Global	Relocatable 	
	RELCON            25050	Global	Relocatable 		RESCON            24417	Global	Relocatable 	
	RRCT              26526	Global	Relocatable 		RRID              25310	Global	Relocatable 	
	RTIW       104000000173	Global	Absolute    		SALLAD            25221	Global	Relocatable 	
	SIR        104000000125	Global	Absolute    		SOBF       104000000175	Global	Absolute    	
	SPR1              27047	Global	Relocatable 		SPR4              27235	Global	Relocatable 	
	SPRFLG            27310	Global	Relocatable 		STIW       104000000174	Global	Absolute    	
	STPAR      104000000217	Global	Absolute    		SYERR      104000000527	Global	Absolute    	
	TARADH            27263	Global	Relocatable 		TARADL            27264	Global	Relocatable 	
	TIME       104000000014	Global	Absolute    		TIMER      104000000522	Global	Absolute    	
	TRCFLG            27306	Global	Relocatable 		TTEXIT            27312	Global	Relocatable 	
	$REMOT            12264	Global	Relocatable 		.CTTRM           777777	Global	Absolute    Suppressed
	.DGRSC              110	Global	Absolute    Suppressed	.LMABT                2	Global	Absolute    Suppressed
	.LMCCE                4	Global	Absolute    Suppressed	.LMCID                0	Global	Absolute    Suppressed
	.LMCIF                5	Global	Absolute    Suppressed	.LMDID                6	Global	Absolute    Suppressed
	.LMDST                1	Global	Absolute    Suppressed	.LMHWA                1	Global	Absolute    Suppressed
	.LMPND                0	Global	Absolute    Suppressed	.LMPWD                3	Global	Absolute    Suppressed
	.LMPYA                3	Global	Absolute    Suppressed	.LMRBL                4	Global	Absolute    Suppressed
	.LMRBP                5	Global	Absolute    Suppressed	.LMREQ                3	Global	Absolute    Suppressed
	.LMSID                7	Global	Absolute    Suppressed	.LMSRC                1	Global	Absolute    Suppressed
	.LMSTF                1	Global	Absolute    Suppressed	.LMSUC                1	Global	Absolute    Suppressed
	.LMTXF                3	Global	Absolute    Suppressed	.RCABT               20	Global	Absolute    Suppressed
	.RCADR               22	Global	Absolute    Suppressed	.RCPOL               16	Global	Absolute    Suppressed
	.RCRBT               11	Global	Absolute    Suppressed	.RCRCT                7	Global	Absolute    Suppressed
		LINK symbol map of	RMTCON	version A		page 7
RMTCNM
	.RCREL               14	Global	Absolute    Suppressed	.RCRID                6	Global	Absolute    Suppressed
	.RCRPY               12	Global	Absolute    Suppressed	.RCRSV               13	Global	Absolute    Suppressed
	.RCSND               15	Global	Absolute    Suppressed	.RCSTS               21	Global	Absolute    Suppressed
	.TICTI               37	Global	Absolute    Suppressed	.TIMAL                5	Global	Absolute    Suppressed
	.TIMEL                1	Global	Absolute    Suppressed
		*************


		LINK symbol map of	RMTCON	version A		page 8

59 undefined global symbols

$CINVA	2064
$PNMEX	3014
$DRP10	6053
$RTMEX	5041
$TTLK1	4240
$PLPT1	5662
$EOP1	3447
K%INI1	4035
$CFLUS	0
$END2	3432
$TIMRO	0
$MPSE1	3467
$ULD10	6337
$CSLFN	6304
S%TBL1	1504
$URD10	6461
K%CCO1	4176
K%BIN1	4163
K%WCO1	4075
K%RCO1	4064
S%SCM1	1500
$CSLRL	6533
$LDSAV	6321
$CSHIN	1607
$MPCNK	2056
$TIIME	4256
K%SVT5	4143
$SWINI	3660
$ERHEX	2723
K%CIB1	4205
$RT10	5052
$CLOCK	2063
K%SIB1	4214
S%ERR1	1333
$MEMEX	3457
$PMAPE	3557
$LDA36	6320
$ULK10	6420
$CRESE	6260
$ITREX	3043
K%TXT1	4055
$MPADE	3554
$CWRTB	2065
$HASRU	0
$TOEXC	5613
$ECSLT	2164
$QUIT1	2756
$ECSLC	2160
$ITR10	3046
$MSEGE	3473
K%STY1	4123
$INT10	6003
		LINK symbol map of	RMTCON	version A		page 9

$CPEXC	2666
S%CMN1	1266
K%SOU1	4152
$DVCM2	6316
$CCL	0
STARTA	161
$MZROE	3530

		*************

	Index to LINK symbol map of	RMTCON	version A		page 10

	Name	Page	Name	Page	Name	Page	Name	Page

	KCSUB	 3	RMTCNM	 6	RMTCNP	 6	RMTCON	 1

	[End of LINK map of	RMTCON]
 